error: expected `,` following `match` arm
 --> tests/actual_tests_bless/rustfix-fail.rs:5:27
  |
5 |         0 => String::new()
  |                           ^
  |
help: missing a comma here to end this `match` arm
  |
5 |         0 => String::new(),
  |                           +

error: aborting due to 1 previous error

